<html>
<body>
<pre>
<h1>礦ision Build Log</h1>
<h2>Project:</h2>
C:\Users\80639\Desktop\双创基地\CORE_V0.3_LIBVERSION (2)\CORE_V0.3_LIBVERSION\USER\KEYSTONE_LITE.uvproj
Project File Date:  03/23/2018

<h2>Output:</h2>
Build target 'KEYSTONE_LITE'
compiling main.c...
main.c(122): warning:  #177-D: variable "i" was declared but never referenced
                        uint8_t i;
main.c(134): warning:  #177-D: variable "count" was declared but never referenced
         uint8_t count;
main.c(308): warning:  #550-D: variable "res" was set but never used
        uint8_t res;    
main.c(331): warning:  #550-D: variable "res" was set but never used
        uint8_t res;  
main.c(345): warning:  #550-D: variable "res" was set but never used
        uint8_t res;   
main.c: 5 warnings, 0 errors
linking...
Program Size: Code=28028 RO-data=508 RW-data=180 ZI-data=2196  
FromELF: creating hex file...
"..\OBJ\KEYSTONE_LITE.axf" - 0 Error(s), 5 Warning(s).
</pre>
</body>
</html>
TE.axf" 
Set JLink Project File to "C:\Users\80639\Desktop\双创基地\CORE_V0.3_LIBVERSION (2)\CORE_V0.3_LIBVERSION\USER\JLinkSettings.ini"
* JLink Info: Device "STM32F103C8" selected (64 KB flash, 20 KB RAM).
 
JLink info:
------------
DLL: V4.80g, compiled Feb 13 2014 20:50:02
Firmware: J-Link ARM-OB STM32 compiled Aug 22 2012 19:52:04
Hardware: V7.00
S/N : 20090928 
Feature(s) : RDI,FlashDL,FlashBP,JFlash,GDBFull 
 
* JLink Info: Found SWD-DP with ID 0x1BA01477
* JLink Info: Found SWD-DP with ID 0x1BA01477
* JLink Info: Found Cortex-M3 r1p1, Little endian.
* JLink Info: FPUnit: 6 code (BP) slots and 2 literal slots
* JLink Info: TPIU fitted.
ROMTableAddr = 0xE00FF003
 
Target info:
------------
Device: STM32F103C8
VTarget = 3.300V
State of Pins: 
TCK: 0, TDI: 0, TDO: 1, TMS: 0, TRES: 1, TRST: 1
Hardware-Breakpoints: 6
Software-Breakpoints: 8192
Watchpoints:          4
JTAG speed: 2000 kHz
 
Erase Done.
Programming Done.
Verify OK.
y OK.
 20090928 
Feature(s) : RDI,FlashDL,FlashBP,JFlash,GDBFull 
 
* JLink Info: Found SWD-DP with ID 0x1BA01477
* JLink Info: Found SWD-DP with ID 0x1BA01477
* JLink Info: Found Cortex-M3 r1p1, Little endian.
* JLink Info: FPUnit: 6 code (BP) slots and 2 literal slots
* JLink Info: TPIU fitted.
ROMTableAddr = 0xE00FF003
 
Target info:
------------
Device: STM32F103C8
VTarget = 3.300V
State of Pins: 
TCK: 0, TDI: 0, TDO: 1, TMS: 0, TRES: 1, TRST: 1
Hardware-Breakpoints: 6
Software-Breakpoints: 8192
Watchpoints:          4
JTAG speed: 2000 kHz
 
Erase Done.
Programming Done.
Verify OK.
