<html>
<body>
<pre>
<h1>礦ision Build Log</h1>
<h2>Tool Versions:</h2>
IDE-Version: μVision V5.14.0.0
Copyright (C) 2015 ARM Ltd and ARM Germany GmbH. All rights reserved.
License Information: Chkie Kaw, Harbin Institute of Technology, LIC=3UUFW-QR32C-77MRP-M7NJX-IHFEP-NV8ZL
 
Tool Versions:
Toolchain:       MDK-ARM Professional  Version: 5.14.0.0
Toolchain Path:  C:\Keil_v5\ARM\ARMCC\Bin
C Compiler:      Armcc.exe V5.05 update 1 (build 106)
Assembler:       Armasm.exe V5.05 update 1 (build 106)
Linker/Locator:  ArmLink.exe V5.05 update 1 (build 106)
Library Manager: ArmAr.exe V5.05 update 1 (build 106)
Hex Converter:   FromElf.exe V5.05 update 1 (build 106)
CPU DLL:         SARMCM3.DLL V5.14.0.0
Dialog DLL:      DARMSTM.DLL V1.65.0.0
Target DLL:      Segger\JL2CM3.dll V2.99.13.0
Dialog DLL:      TARMSTM.DLL V1.64.0.0
 
<h2>Project:</h2>
C:\Documents\哈工大\无人机\CORE_V0.3_LIBVERSION\USER\KEYSTONE_LITE.uvprojx
Project File Date:  03/25/2018

<h2>Output:</h2>
Rebuild target 'KEYSTONE_LITE'
compiling main.c...
..\HitLink\hitlink.h(118): warning:  #1-D: last line of file ends without a newline
        
..\HitLink\protocol.h(38): warning:  #550-D: variable "uint32_t_buf" was set but never used
        char uint32_t_buf[UINT32_SIZE];
..\HitLink\protocol.h(48): warning:  #550-D: variable "int_buf" was set but never used
        char int_buf[INT_SIZE];
..\HitLink\hitlink_attitute.h(55): warning:  #1-D: last line of file ends without a newline
                                                        
..\HitLink\hitlink.h(118): warning:  #1-D: last line of file ends without a newline
        
main.c(130): warning:  #177-D: variable "i" was declared but never referenced
                        uint8_t i;
main.c(139): warning:  #177-D: variable "temp" was declared but never referenced
         union char2float temp;
main.c(140): warning:  #177-D: variable "crcdata" was declared but never referenced
         union char2uint16 crcdata;
main.c(141): warning:  #177-D: variable "j" was declared but never referenced
         uint8_t j;
main.c(142): warning:  #177-D: variable "count" was declared but never referenced
         uint8_t count;
main.c(143): warning:  #177-D: variable "len" was declared but never referenced
         uint8_t len = 23;  
main.c(144): warning:  #177-D: variable "crc" was declared but never referenced
     uint16_t crc = 0;  
main.c(145): warning:  #177-D: variable "ptr" was declared but never referenced
     uint8_t *ptr = USART2_TX_BUF;  
main.c(345): warning:  #550-D: variable "res" was set but never used
        uint8_t res;    
main.c(368): warning:  #550-D: variable "res" was set but never used
        uint8_t res;  
main.c(382): warning:  #550-D: variable "res" was set but never used
        uint8_t res;   
main.c: 16 warnings, 0 errors
compiling stm32f10x_it.c...
compiling system_stm32f10x.c...
compiling core_cm3.c...
assembling startup_stm32f10x_md.s...
compiling misc.c...
compiling stm32f10x_dbgmcu.c...
compiling stm32f10x_dma.c...
compiling stm32f10x_gpio.c...
compiling stm32f10x_rcc.c...
compiling stm32f10x_tim.c...
compiling stm32f10x_spi.c...
compiling stm32f10x_iwdg.c...
compiling stm32f10x_usart.c...
compiling stm32f10x_adc.c...
compiling stm32f10x_flash.c...
compiling System_Init.c...
compiling Interface_Init.c...
compiling Schedule_Init.c...
compiling delay.c...
compiling Security.c...
compiling sequence_sa_major.c...
..\SCR\sequence_sa_major.c(75): warning:  #177-D: variable "w2" was declared but never referenced
                float w[3],w1[3],w2[3]; 
..\SCR\sequence_sa_major.c(79): warning:  #177-D: variable "euler2" was declared but never referenced
                float euler2[3];
..\SCR\sequence_sa_major.c(80): warning:  #550-D: variable "euler" was set but never used
                float euler[3];
..\SCR\sequence_sa_major.c(175): warning:  #177-D: variable "i" was declared but never referenced
        uint8_t i;
..\SCR\sequence_sa_major.c(260): warning:  #177-D: variable "i" was declared but never referenced
        uint8_t i;
..\SCR\sequence_sa_major.c: 5 warnings, 0 errors
compiling sequence_sa_minor.c...
compiling config.c...
compiling driver_ICM20689.c...
compiling driver_MS5611.c...
linking...
Program Size: Code=28356 RO-data=508 RW-data=184 ZI-data=3040  
FromELF: creating hex file...
"..\OBJ\KEYSTONE_LITE.axf" - 0 Error(s), 21 Warning(s).

<h2>Collection of Component include folders:</h2>
  C:\Documents\哈工大\无人机\CORE_V0.3_LIBVERSION\USER\RTE
  C:\Keil_v5\ARM\PACK\Keil\STM32F1xx_DFP\1.0.5\Device\Include

<h2>Collection of Component Files used:</h2>
</pre>
</body>
</html>
